src/repositories/patient.repository.ts(123,21): error TS2345: Argument of type 'string | number | boolean | null' is not assignable to parameter of type 'SqlValue'.
  Type 'false' is not assignable to type 'SqlValue'.
